Hello world 输出，并通过 esp-idf VS Code 插件【监控设备】查看日志

- 创建示例项目 ![[Pasted image 20241130231648.png]]
- 按顺序 编译、烧录、监控 ![[Pasted image 20241130232244.png]]

---
## AI解释

这是一个典型的 ESP-IDF (Espressif IoT Development Framework) 的入门示例程序，我来详细解释代码：

1. 头文件引入
```c
#include <stdio.h>                 // 标准 C 输入输出库
#include "sdkconfig.h"             // SDK 配置头文件
#include "freertos/FreeRTOS.h"     // FreeRTOS 实时操作系统头文件
#include "freertos/task.h"          // FreeRTOS 任务管理头文件
#include "esp_system.h"             // ESP 系统相关头文件
#include "esp_spi_flash.h"          // SPI Flash 操作头文件
```

2. app_main() 函数 - 程序入口
```c
void app_main(void)
{
    // 打印 Hello World
    printf("Hello world! CanOS! 你好世界！\n");
```

3. 芯片信息获取
```c
    // 定义芯片信息结构体
    esp_chip_info_t chip_info;
    
    // 获取芯片信息
    esp_chip_info(&chip_info);
    
    // 打印芯片详细信息
    printf("This is %s chip with %d CPU core(s), WiFi%s%s, ",
            CONFIG_IDF_TARGET,                           // 目标芯片
            chip_info.cores,                             // CPU 核心数
            (chip_info.features & CHIP_FEATURE_BT) ? "/BT" : "",   // 蓝牙支持
            (chip_info.features & CHIP_FEATURE_BLE) ? "/BLE" : ""));

    printf("silicon revision %d, ", chip_info.revision);  // 芯片版本

    // 打印 Flash 信息
    printf("%dMB %s flash\n", spi_flash_get_chip_size() / (1024 * 1024),
            (chip_info.features & CHIP_FEATURE_EMB_FLASH) ? "embedded" : "external");
```

4. 打印最小可用堆大小
```c
    printf("Minimum free heap size: %d bytes\n", esp_get_minimum_free_heap_size());
```

5. 倒计时重启
```c
    // 10秒倒计时
    for (int i = 10; i >= 0; i--) {
        printf("Restarting in %d seconds...\n", i);
        
        // 延时 1 秒
        vTaskDelay(1000 / portTICK_PERIOD_MS);
    }
    
    printf("Restarting now.\n");
    
    // 刷新输出缓冲区
    fflush(stdout);
    
    // 重启 ESP32
    esp_restart();
}
```

关键点解析：
- 使用 FreeRTOS 的 `vTaskDelay()` 实现延时
- `esp_chip_info()` 获取芯片详细信息
- `spi_flash_get_chip_size()` 获取 Flash 大小
- `esp_get_minimum_free_heap_size()` 获取最小可用堆大小
- `esp_restart()` 重启芯片

这个示例展示了 ESP32 的基本信息获取、延时和重启功能，是非常好的入门代码。

## 命令行输出解释

```sh
解释命令行输出

rst:0xc (SW_CPU_RESET),boot:0x1b (SPI_FAST_FLASH_BOOT)
configsip: 0, SPIWP:0xee
clk_drv:0x00,q_drv:0x00,d_drv:0x00,cs0_drv:0x00,hd_drv:0x00,wp_drv:0x00
mode:DIO, clock div:1
load:0x3fff0030,len:5668
load:0x40078000,len:14760
load:0x40080400,len:3752
0x40080400: _init at ??:?

entry 0x40080680
I (27) boot: ESP-IDF v4.4.4-dirty 2nd stage bootloader
I (27) boot: compile time 22:44:31
I (27) boot: chip revision: v3.0
I (31) boot_comm: chip revision: 3, min. bootloader chip revision: 0
I (38) boot.esp32: SPI Speed      : 80MHz
I (42) boot.esp32: SPI Mode       : DIO
I (47) boot.esp32: SPI Flash Size : 16MB
I (52) boot: Enabling RNG early entropy source...
I (57) boot: Partition Table:
I (61) boot: ## Label            Usage          Type ST Offset   Length
I (68) boot:  0 nvs              WiFi data        01 02 00009000 00004000
I (75) boot:  1 otadata          OTA data         01 00 0000d000 00002000
I (83) boot:  2 phy_init         RF data          01 01 0000f000 00001000
I (90) boot:  3 factory          factory app      00 00 00010000 00200000
I (98) boot: End of partition table
I (102) boot: Defaulting to factory image
I (107) boot_comm: chip revision: 3, min. application chip revision: 0
I (114) esp_image: segment 0: paddr=00010020 vaddr=3f400020 size=03058h ( 12376) map
I (126) esp_image: segment 1: paddr=00013080 vaddr=3ffb0000 size=01a68h (  6760) load
I (133) esp_image: segment 2: paddr=00014af0 vaddr=40080000 size=0b528h ( 46376) load
I (156) esp_image: segment 3: paddr=00020020 vaddr=400d0020 size=1572ch ( 87852) map
I (182) esp_image: segment 4: paddr=00035754 vaddr=4008b528 size=011c8h (  4552) load
I (190) boot: Loaded app from partition at offset 0x10000
I (190) boot: Disabling RNG early entropy source...
Hello world! CanOS! 你好世界！
This is esp32 chip with 2 CPU core(s), WiFi/BT/BLE, silicon revision 3, 16MB external flash    
Minimum free heap size: 4457967 bytes
```

这是 ESP32 启动时的详细引导日志，我来逐段解释：

1. 复位和启动信息
```
rst:0xc (SW_CPU_RESET)     // 软件复位
boot:0x1b (SPI_FAST_FLASH_BOOT)  // SPI Flash 快速启动模式
```

2. 配置和时钟驱动
```
configsip: 0, SPIWP:0xee   // SPI 配置
clk_drv:0x00,q_drv:0x00,d_drv:0x00,cs0_drv:0x00,hd_drv:0x00,wp_drv:0x00  // 时钟驱动设置
mode:DIO, clock div:1  // SPI 模式和时钟分频
```

3. 代码段加载
```
load:0x3fff0030,len:5668   // 加载不同内存地址的代码段
load:0x40078000,len:14760
load:0x40080400,len:3752
```

4. 引导加载器信息
```
I (27) boot: ESP-IDF v4.4.4-dirty 2nd stage bootloader  // 引导加载器版本
I (27) boot: compile time 22:44:31   // 编译时间
I (27) boot: chip revision: v3.0     // 芯片版本
```

5. SPI 配置
```
I (38) boot.esp32: SPI Speed      : 80MHz   // SPI 速度
I (42) boot.esp32: SPI Mode       : DIO     // SPI 模式
I (47) boot.esp32: SPI Flash Size : 16MB    // Flash 大小
```

6. 分区表
```
I (57) boot: Partition Table:
I (61) boot: ## Label            Usage          Type ST Offset   Length
I (68) boot:  0 nvs              WiFi data        01 02 00009000 00004000
I (75) boot:  1 otadata          OTA data         01 00 0000d000 00002000
I (83) boot:  2 phy_init         RF data          01 01 0000f000 00001000
I (90) boot:  3 factory          factory app      00 00 00010000 00200000
```
分区表显示了不同分区的信息，包括 NVS、OTA 数据、PHY 初始化和工厂镜像。

7. 镜像加载
```
I (190) boot: Loaded app from partition at offset 0x10000  // 从指定偏移加载应用
```

8. 应用程序输出
```
Hello world! CanOS! 你好世界！
This is esp32 chip with 2 CPU core(s), WiFi/BT/BLE, silicon revision 3, 16MB external flash    
Minimum free heap size: 4457967 bytes
```
显示芯片信息和最小可用堆大小。

关键信息总结：
- ESP-IDF 版本：4.4.4
- 芯片：ESP32
- 芯片版本：v3.0
- CPU 核心数：2
- 功能：WiFi/蓝牙/BLE
- Flash 大小：16MB
- 最小可用堆：4,457,967 字节

## 分区表解释

我来详细解释分区表和固件存储：

分区表详细解析：
```
I (61) boot: ## Label            Usage          Type ST Offset   Length
I (68) boot:  0 nvs              WiFi data        01 02 00009000 00004000
I (75) boot:  1 otadata          OTA data         01 00 0000d000 00002000
I (83) boot:  2 phy_init         RF data          01 01 0000f000 00001000
I (90) boot:  3 factory          factory app      00 00 00010000 00200000
```

1. NVS分区 (Non-Volatile Storage)
- 标签：nvs
- 大小：16KB (0x4000)
- 偏移：0x9000
- 作用：存储持久化数据，如：
  - WiFi配网信息
  - 系统配置
  - 用户自定义配置
  - 蓝牙配对信息

2. OTA分区 (Over-The-Air Update)
- 标签：otadata
- 大小：8KB (0x2000)
- 偏移：0xD000
- 作用：
  - 记录固件更新状态
  - 管理固件版本
  - 支持固件回滚
  - 标记当前启动的固件分区

3. PHY初始化分区
- 标签：phy_init
- 大小：4KB (0x1000)
- 偏移：0xF000
- 作用：
  - 存储WiFi和蓝牙的物理层校准数据
  - 保存RF（射频）参数
  - 优化无线通信性能

4. 工厂分区
- 标签：factory
- 大小：2MB (0x200000)
- 偏移：0x10000
- 作用：
  - 存储出厂默认固件
  - 作为系统备份固件
  - 在OTA更新失败时可以恢复

固件存储位置：
```
I (190) boot: Loaded app from partition at offset 0x10000
```
这行日志显示固件被加载到 0x10000 偏移，即 factory 分区。

固件加载流程：
1. bootloader 检查 otadata 分区
2. 确定启动哪个固件分区
3. 从 0x10000 偏移加载 factory 分区的固件
4. 执行固件代码

分区表配置建议：
- 预留足够的 OTA 分区用于固件更新
- NVS 分区根据实际需求调整大小
- 保留工厂分区作为系统备份

总结：
- 固件存储在 factory 分区
- 各分区有明确的系统级功能
- 分区表支持灵活的固件管理和更新机制

## FreeRTOS 是什么

FreeRTOS 是一个轻量级、开源的实时操作系统（Real-Time Operating System，RTOS），专门为嵌入式系统设计。以下是 FreeRTOS 的主要特点和优势：

1. 基本特征
- 实时性：提供确定性的任务调度和中断响应
- 轻量级：内存占用小，代码体积小
- 可移植性：支持多种微控制器和处理器架构
- 开源免费：可商业使用

2. 核心组件
- 任务管理：支持多任务调度
- 信号量
- 消息队列
- 软件定时器
- 中断管理

3. 调度机制
- 抢占式调度
- 优先级调度
- 时间片轮转

4. 适用场景
- 物联网设备
- 消费电子
- 工业控制
- 机器人
- 可穿戴设备

5. ESP32 中的应用
ESP-IDF 默认集成 FreeRTOS，提供完整的 RTOS 支持。